// Vitest Snapshot v1, https://vitest.dev/guide/snapshot.html

exports[`Intro page > matches snapshot 1`] = `
<DocumentFragment>
  <section
    id="welcome"
  >
    <div
      class="grid-container"
    >
      <div
        aria-atomic="true"
        aria-live="polite"
        aria-relevant="additions"
        role="log"
      >
        <h1 />
      </div>
      <div
        class="grid-row"
      >
        <div
          class="grid-col-12 desktop:grid-col-6 tablet:grid-col-6"
        >
          <p
            class="lead-in"
          />
          <p
            class="lead-in margin-bottom-1"
          />
          <ul
            class="grid-row usa-icon-list"
          >
            <li
              class="grid-col-6 usa-icon-list__item"
            >
              <div
                aria-hidden="true"
                class="text-blue usa-icon-list__icon"
              >
                <svg
                  class="usa-icon"
                  focusable="false"
                  height="1em"
                  role="img"
                  viewBox="0 0 24 24"
                  width="1em"
                  xmlns="http://www.w3.org/2000/svg"
                >
                  <path
                    d="M9 16.17 4.83 12l-1.42 1.41L9 19 21 7l-1.41-1.41z"
                  />
                </svg>
              </div>
              <div
                class="usa-icon-list__content"
              />
            </li>
            <li
              class="grid-col-6 usa-icon-list__item"
            >
              <div
                aria-hidden="true"
                class="text-blue usa-icon-list__icon"
              >
                <svg
                  class="usa-icon"
                  focusable="false"
                  height="1em"
                  role="img"
                  viewBox="0 0 24 24"
                  width="1em"
                  xmlns="http://www.w3.org/2000/svg"
                >
                  <path
                    d="M9 16.17 4.83 12l-1.42 1.41L9 19 21 7l-1.41-1.41z"
                  />
                </svg>
              </div>
              <div
                class="usa-icon-list__content"
              />
            </li>
            <li
              class="grid-col-6 usa-icon-list__item"
            >
              <div
                aria-hidden="true"
                class="text-blue usa-icon-list__icon"
              >
                <svg
                  class="usa-icon"
                  focusable="false"
                  height="1em"
                  role="img"
                  viewBox="0 0 24 24"
                  width="1em"
                  xmlns="http://www.w3.org/2000/svg"
                >
                  <path
                    d="M9 16.17 4.83 12l-1.42 1.41L9 19 21 7l-1.41-1.41z"
                  />
                </svg>
              </div>
              <div
                class="usa-icon-list__content"
              />
            </li>
            <li
              class="grid-col-6 usa-icon-list__item"
            >
              <div
                aria-hidden="true"
                class="text-blue usa-icon-list__icon"
              >
                <svg
                  class="usa-icon"
                  focusable="false"
                  height="1em"
                  role="img"
                  viewBox="0 0 24 24"
                  width="1em"
                  xmlns="http://www.w3.org/2000/svg"
                >
                  <path
                    d="M9 16.17 4.83 12l-1.42 1.41L9 19 21 7l-1.41-1.41z"
                  />
                </svg>
              </div>
              <div
                class="usa-icon-list__content"
              />
            </li>
          </ul>
          <p
            class="lead-in"
          />
        </div>
        <div
          class="grid-col-12 desktop:grid-col-6 tablet:grid-col-6 margin-top-5 hidden-on-mobile"
        >
          <img
            alt=""
            class="padding-left-05"
            src="/imgs/blueperson_laptop.png"
          />
        </div>
      </div>
      <div
        class="grid-row grid-gap"
      >
        <div
          class="grid-col-12 desktop:grid-col-8 margin-bottom-2"
        >
          <a
            class="usa-button"
            href="/state"
          >
            pages.Landing.button.text
          </a>
        </div>
      </div>
    </div>
  </section>
  <section
    id="data-import"
  >
    <div
      class="grid-container"
    >
      <h2 />
      <div
        class="grid-row content-container"
      >
        <p />
      </div>
    </div>
  </section>
  <section
    id="more-benefits"
  >
    <div
      class="grid-container"
    >
      <h2 />
      <div
        class="grid-row content-container"
      >
        <div
          class="grid-col"
        />
      </div>
      <div
        class="grid-row faq"
      >
        <div
          class="grid-col"
        >
          <div>
            <div
              class="usa-accordion usa-accordion--bordered"
              data-testid="accordion"
            >
              <h3
                class="usa-accordion__heading"
              >
                <button
                  aria-controls="pages.Landing.section.faq.state-tax"
                  aria-expanded="false"
                  class="usa-accordion__button"
                  data-testid="accordionButton_pages.Landing.section.faq.state-tax"
                  type="button"
                />
              </h3>
              <div
                class="usa-accordion__content usa-prose"
                data-testid="accordionItem_pages.Landing.section.faq.state-tax"
                hidden=""
                id="pages.Landing.section.faq.state-tax"
              />
            </div>
          </div>
          <div>
            <div
              class="usa-accordion usa-accordion--bordered"
              data-testid="accordion"
            >
              <h3
                class="usa-accordion__heading"
              >
                <button
                  aria-controls="pages.Landing.section.faq.learn-more"
                  aria-expanded="false"
                  class="usa-accordion__button"
                  data-testid="accordionButton_pages.Landing.section.faq.learn-more"
                  type="button"
                />
              </h3>
              <div
                class="usa-accordion__content usa-prose"
                data-testid="accordionItem_pages.Landing.section.faq.learn-more"
                hidden=""
                id="pages.Landing.section.faq.learn-more"
              />
            </div>
          </div>
        </div>
        <div
          class="grid-col"
        >
          <div>
            <div
              class="usa-accordion usa-accordion--bordered"
              data-testid="accordion"
            >
              <h3
                class="usa-accordion__heading"
              >
                <button
                  aria-controls="pages.Landing.section.faq.tax-questions"
                  aria-expanded="false"
                  class="usa-accordion__button"
                  data-testid="accordionButton_pages.Landing.section.faq.tax-questions"
                  type="button"
                />
              </h3>
              <div
                class="usa-accordion__content usa-prose"
                data-testid="accordionItem_pages.Landing.section.faq.tax-questions"
                hidden=""
                id="pages.Landing.section.faq.tax-questions"
              />
            </div>
          </div>
          <div>
            <div
              class="usa-accordion usa-accordion--bordered"
              data-testid="accordion"
            >
              <h3
                class="usa-accordion__heading"
              >
                <button
                  aria-controls="pages.Landing.section.faq.data-import"
                  aria-expanded="false"
                  class="usa-accordion__button"
                  data-testid="accordionButton_pages.Landing.section.faq.data-import"
                  type="button"
                />
              </h3>
              <div
                class="usa-accordion__content usa-prose"
                data-testid="accordionItem_pages.Landing.section.faq.data-import"
                hidden=""
                id="pages.Landing.section.faq.data-import"
              />
            </div>
          </div>
        </div>
      </div>
    </div>
  </section>
  <section
    id="benefits"
  >
    <div
      class="grid-container"
    >
      <h2 />
      <div
        class="feature-list"
      >
        <div
          class="container"
        >
          <div
            class="margin-right-2"
          >
            <svg
              aria-hidden="true"
              fill="none"
              height="44"
              viewBox="0 0 50 44"
              width="50"
              xmlns="http://www.w3.org/2000/svg"
            >
              <path
                d="M6.83134 2H43.1608C45.7212 2 47.8152 4.15 47.8152 6.79V27.14C47.8152 29.77 45.7212 31.93 43.1608 31.93H38.1133C37.9853 31.93 37.8756 32.06 37.8756 32.22L37.9121 42.01C37.9121 42.01 28.32 42.01 28.1462 32.2C28.1462 32.06 28.0456 31.94 27.9176 31.94H6.8222C4.21613 31.94 2.0947 29.79 2.0947 27.15V6.8C2.0947 4.17 4.22527 2.01 6.8222 2.01L6.83134 2Z"
                fill="white"
                stroke="#1B1B1B"
                stroke-width="2.4"
              />
              <path
                d="M10.334 13.4502H32.2798H10.334Z"
                fill="white"
              />
              <path
                d="M10.334 13.4502H32.2798"
                stroke="#1B1B1B"
                stroke-linecap="square"
                stroke-width="2.4"
              />
              <path
                d="M10.3336 21.4502H39.5947H10.3336Z"
                fill="white"
              />
              <path
                d="M10.3336 21.4502H39.5947"
                stroke="#1B1B1B"
                stroke-linecap="square"
                stroke-width="2.4"
              />
            </svg>
          </div>
          <div
            class="flex-5"
          >
            <p />
          </div>
        </div>
        <div
          class="container tablet:margin-left-2 desktop:grid-offset-1"
        >
          <div
            class="margin-right-2"
          >
            <svg
              aria-hidden="true"
              fill="none"
              height="44"
              viewBox="0 0 50 44"
              width="50"
              xmlns="http://www.w3.org/2000/svg"
            >
              <path
                d="M6.83134 2H43.1608C45.7212 2 47.8152 4.15 47.8152 6.79V27.14C47.8152 29.77 45.7212 31.93 43.1608 31.93H38.1133C37.9853 31.93 37.8756 32.06 37.8756 32.22L37.9121 42.01C37.9121 42.01 28.32 42.01 28.1462 32.2C28.1462 32.06 28.0456 31.94 27.9176 31.94H6.8222C4.21613 31.94 2.0947 29.79 2.0947 27.15V6.8C2.0947 4.17 4.22527 2.01 6.8222 2.01L6.83134 2Z"
                fill="white"
                stroke="#1B1B1B"
                stroke-width="2.4"
              />
              <path
                d="M10.334 13.4502H32.2798H10.334Z"
                fill="white"
              />
              <path
                d="M10.334 13.4502H32.2798"
                stroke="#1B1B1B"
                stroke-linecap="square"
                stroke-width="2.4"
              />
              <path
                d="M10.3336 21.4502H39.5947H10.3336Z"
                fill="white"
              />
              <path
                d="M10.3336 21.4502H39.5947"
                stroke="#1B1B1B"
                stroke-linecap="square"
                stroke-width="2.4"
              />
            </svg>
          </div>
          <div
            class="flex-5"
          >
            <p />
          </div>
        </div>
      </div>
    </div>
  </section>
</DocumentFragment>
`;
